// Jest Snapshot v1, https://goo.gl/fbAQLP

exports[`testSubject should throw when target not undefined 1`] = `"target is not undefined"`;
